{"gt": "ac597a4506fee079629df5d8b66dd4fe", "challenge": "d2c5d332e1edb39a124eab147e3da0f3", "requests": [{"kind": "script", "path": "https://api.geetest.com/gettype.php", "params": ["callback", "gt"]}, {"kind": "script", "path": "https://static.geetest.com/static/js/fullpage.9.2.0-guwyxh.js", "params": []}, {"kind": "script", "path": "https://api.geetest.com/get.php", "params": ["callback", "challenge", "client_type", "gt", "lang", "pt", "w"]}, {"kind": "link", "path": "https://static.geetest.com/static/wind/style_https.1.5.8.css", "params": []}, {"kind": "script", "path": "https://api.geetest.com/ajax.php", "params": ["callback", "challenge", "client_type", "gt", "lang", "pt", "w"]}, {"kind": "script", "path": "https://static.geetest.com/static/js/click.3.1.2.js", "params": []}, {"kind": "script", "path": "https://api.geetest.com/get.php", "params": ["api_server", "autoReset", "callback", "challenge", "gt", "https", "isPC", "is_next", "lang", "offline", "product", "protocol", "type", "width"]}, {"kind": "script", "path": "https://static.geetest.com/static/js/gct.b71a9027509bc6bcfef9fc6a196424f5.js", "params": []}, {"kind": "link", "path": "https://static.geetest.com/static/silver/style_https.1.5.4.css", "params": []}, {"kind": "script", "path": "https://monitor.geetest.com/monitor/send", "params": ["captcha_id", "challenge", "error_code", "exception_url", "msg", "pt", "time"]}, {"kind": "script", "path": "https://api.geetest.com/ajax.php", "params": ["callback", "challenge", "client_type", "gt", "lang", "pt", "w"]}, {"kind": "script", "path": "https://api.geetest.com/refresh.php", "params": ["callback", "challenge", "gt", "lang", "type"]}, {"kind": "script", "path": "https://api.geetest.com/ajax.php", "params": ["callback", "challenge", "client_type", "gt", "lang", "pt", "w"]}, {"kind": "script", "path": "https://api.geetest.com/refresh.php", "params": ["callback", "challenge", "gt", "lang", "type"]}, {"kind": "script", "path": "https://api.geetest.com/ajax.php", "params": ["callback", "challenge", "client_type", "gt", "lang", "pt", "w"]}], "w_lengths": [1452, 704, 684, 684, 684], "http_used": 17, "outdir": "A:\\agent\\work\\bilibili\\js_reverse_cache\\tasks\\bili-gt3-solver\\cache\\proto_20260922-150537"}

[t+  1.00s] [http 1] 200     224B  https://passport.bilibili.com/x/passport-login/captcha
[t+  1.00s] [round] gt=ac597a4506fee079629df5d8b66dd4fe challenge=d2c5d332e1edb39a124eab147e3da0f3 token=a0aad3376f424546a32e31f2ee72623f
[t+  1.06s] [helper] ready assets=['gt_loader_from_bili.js'] load=['ok:gt_loader_from_bili.js'] diag=['loaded:bom/navigator.js', 'loaded:bom/location.js', 'loaded:dom/document.js']
[t+  1.06s] [helper:req 1] script https://api.geetest.com/gettype.php params=['callback', 'gt'] w_len=0
[t+  1.68s] [http 2] 200     465B  https://api.geetest.com/gettype.php
[t+  1.68s] [helper:after-response] {"type": "after-response", "id": 1, "after": "{\"core\":false,\"timers\":1,\"delays\":[0],\"instKeys\":-1}"}
[t+  1.69s] [helper:req 2] script https://static.geetest.com/static/js/fullpage.9.2.0-guwyxh.js params=[] w_len=0
[t+  1.69s]            -> served local asset fullpage.9.2.0-guwyxh.js (304311B)
[t+  1.70s] [helper:after-response] {"type": "after-response", "id": 2, "after": "{\"core\":false,\"timers\":1,\"delays\":[0],\"instKeys\":-1}"}
[t+  1.73s] [helper:req 3] script https://api.geetest.com/get.php params=['callback', 'challenge', 'client_type', 'gt', 'lang', 'pt', 'w'] w_len=1452
[t+  2.28s] [http 3] 200    1233B  https://api.geetest.com/get.php
[t+  2.29s] [helper:after-response] {"type": "after-response", "id": 3, "after": "{\"core\":true,\"timers\":5,\"delays\":[0,2000,30000,30000,540000],\"instKeys\":2}"}
[t+  2.29s] [helper:req 4] link https://static.geetest.com/static/wind/style_https.1.5.8.css params=[] w_len=0
[t+  2.88s] [http 4] 200   40702B  https://static.geetest.com/static/wind/style_https.1.5.8.css
[t+  2.94s] [helper:verify] {"type": "verify", "result": "ok:object"}
[t+  3.35s] [helper:req 5] script https://api.geetest.com/ajax.php params=['callback', 'challenge', 'client_type', 'gt', 'lang', 'pt', 'w'] w_len=704
[t+  3.91s] [http 5] 200      73B  https://api.geetest.com/ajax.php
[t+  3.91s] [verdict] https://api.geetest.com/ajax.php -> {"status": "success", "data": {"result": "click"}}
[t+  3.91s] [helper:after-response] {"type": "after-response", "id": 5, "after": "{\"core\":true,\"timers\":6,\"delays\":[0,27990,27990,29990,30000,537990],\"instKeys\":2}"}
[t+  3.92s] [helper:req 6] script https://static.geetest.com/static/js/click.3.1.2.js params=[] w_len=0
[t+  3.92s]            -> served local asset click.3.1.2.js (227171B)
[t+  3.93s] [helper:after-response] {"type": "after-response", "id": 6, "after": "{\"core\":true,\"timers\":6,\"delays\":[0,27990,27990,29990,30000,537990],\"instKeys\":2}"}
[t+  3.94s] [helper:req 7] script https://api.geetest.com/get.php params=['api_server', 'autoReset', 'callback', 'challenge', 'gt', 'https', 'isPC', 'is_next', 'lang', 'offline', 'product', 'protocol', 'type', 'width'] w_len=0
[t+  4.50s] [http 6] 200    1647B  https://api.geetest.com/get.php
[t+  4.50s] [round data] {"status": null, "result": null, "num": 0, "pic_type": "word", "spec": "1*1", "sign": "", "type": null, "c": [12, 58, 98, 36, 43, 95, 62, 15, 12], "gct": null}
[t+  4.92s] [http 7] 200   35876B  IMAGE pic -> pic_7.jpg
[t+  4.92s] [helper:after-response] {"type": "after-response", "id": 7, "after": "{\"core\":true,\"timers\":11,\"delays\":[0,2000,27990,27990,29990,30000,30000,30000,30000,537990,540000],\"instKeys\":2}"}
[t+  4.93s] [helper:req 8] script https://static.geetest.com/static/js/gct.b71a9027509bc6bcfef9fc6a196424f5.js params=[] w_len=0
[t+  5.45s] [http 8] 200   21163B  https://static.geetest.com/static/js/gct.b71a9027509bc6bcfef9fc6a196424f5.js
[t+  5.45s] [helper:after-response] {"type": "after-response", "id": 8, "after": "{\"core\":true,\"timers\":12,\"delays\":[0,2490,25480,25480,27480,27490,27490,27490,27490,29490,535480,537490],\"instKeys\":2}"}
[t+  5.45s] [helper:req 9] link https://static.geetest.com/static/silver/style_https.1.5.4.css params=[] w_len=0
[t+  5.97s] [http 9] 200   31327B  https://static.geetest.com/static/silver/style_https.1.5.4.css
[t+  5.98s] [helper:req 10] script https://monitor.geetest.com/monitor/send params=['captcha_id', 'challenge', 'error_code', 'exception_url', 'msg', 'pt', 'time'] w_len=0
[t+  6.59s] [http 10] 200       2B  https://monitor.geetest.com/monitor/send
[t+  6.59s] [helper:after-response] {"type": "after-response", "id": 10, "after": "{\"core\":true,\"timers\":12,\"delays\":[0,2490,25480,25480,27480,27490,27490,27490,27490,29490,535480,537490],\"instKeys\":2}"}
[t+ 14.03s] [solver] pic_7.jpg -> points=[[156, 275], [50, 192], [280, 40], [224, 153]] ranked=None
[t+ 14.03s] [solve] {"pic": "pic_7.jpg", "solver": "v11", "solve_ms": 7429, "prompt": ["\u7ecd", "\u4e49", "\u9ebb", "\u9e2d"], "candidates": [{"\u7ecd": 20}, {"\u4e49": 10, "\u5174": 8, "\u706b": 2}, {"\u9ebb": 20}, {"\u9e2d": 20}], "readings": ["\u7ecd\u4e49\u9ebb\u9e2d", "\u7ecd\u4e49\u9ebb\u9e2d", "\u7ecd\u4e49\u9ebb\u9e2d", "\u7ecd\u4e49\u9ebb\u9e2d", "\u7ecd\u5174\u9ebb\u9e2d", "\u7ecd\u5174\u9ebb\u9e2d", "\u7ecd\u5174\u9ebb\u9e2d", "\u7ecd\u5174\u9ebb\u9e2d"], "n": 4, "points": [[156, 275], [50, 192], [280, 40], [224, 153]], "field_boxes": [[244, 4, 72, 72], [20, 162, 61, 61], [194, 123, 61, 61], [122, 241, 68, 69], [214, 250, 61, 61]], "matches": [{"prompt_index": 0, "prompt_char": "\u7ecd", "best_char": "\u7ecd", "field_index": 3, "score": 0.0, "fallback": true, "x": 156, "y": 275}, {"prompt_index": 1, "prompt_char": "\u4e49", "best_char": "\u5174", "field_index": 1, "score": 8.0, "fallback": false, "x": 50, "y": 192}, {"prompt_index": 2, "prompt_char": "\u9ebb", "best_char": "\u9ebb", "field_index": 0, "score": 20.0, "fallback": false, "x": 280, "y": 40}, {"prompt_index": 3, "prompt_char": "\u9e2d", "best_char": "\u9e2d", "field_index": 2, "score": 4.0, "fallback": false, "x": 224, "y": 153}], "size": [344, 384]}
[t+ 14.03s] [answer] pct=4535_7994,1453_5581,8140_1163,6512_4448 (img 344x384, click square=344)
[t+ 14.06s] [helper:call-widget] {"type": "call-widget", "name": "$_BJJQ", "points": "4535_7994,1453_5581,8140_1163,6512_4448", "format": "str", "result": "sync:undefined|answer=\"4535_7994,1453_5581,8140_1163,6512_4448\"|passtime=3200|PLAIN={\"lang\":\"zh-cn\",\"passtime\":3200,\"a\":\"4535_7994,1453_5581,8140_1163,6512_4448\",\"pic\":\"/captcha_v3/batch/v3/154135/2026-09-22T14/word/611665119101453fa7539f48d0fb9467.jpg\",\"tt\":\"FkM(*((lT1((M((\",\"ep\":{\"ca\":[],\"v\":\"3.1.2\",\"$_FG\":false,\"me\":false,\"tm\":-1},\"h9s9\":\"1816378497\",\"rp\":\"6cc7ad64560af23d5841d356abd90be4\"}"}
[t+ 15.26s] [helper:req 11] script https://api.geetest.com/ajax.php params=['callback', 'challenge', 'client_type', 'gt', 'lang', 'pt', 'w'] w_len=684
[t+ 15.81s] [http 11] 200      83B  https://api.geetest.com/ajax.php
[t+ 15.81s] [verdict] https://api.geetest.com/ajax.php -> {"status": "success", "data": {"result": "fail", "msg": []}}
[t+ 15.82s] [helper:after-response] {"type": "after-response", "id": 11, "after": "{\"core\":true,\"timers\":16,\"delays\":[0,400,400,1500,2490,25480,25480,27480,27490,27490,27490,27490,29490,30000,535480,537490],\"instKeys\":2}"}
[t+ 15.83s] [helper:req 12] script https://api.geetest.com/refresh.php params=['callback', 'challenge', 'gt', 'lang', 'type'] w_len=0
[t+ 16.38s] [http 12] 200     273B  https://api.geetest.com/refresh.php
[t+ 16.38s] [round data] {"status": null, "result": null, "num": 0, "pic_type": "word", "spec": "1*1", "sign": "", "type": null, "c": null, "gct": null}
[t+ 16.81s] [http 13] 200   52412B  IMAGE pic -> pic_12.jpg
[t+ 16.81s] [helper:after-response] {"type": "after-response", "id": 12, "after": "{\"core\":true,\"timers\":14,\"delays\":[0,22990,22990,24990,25000,25000,25000,25000,27000,27510,29610,30000,532990,539610],\"instKeys\":2}"}
[t+ 23.76s] [solver] pic_12.jpg -> points=[[83, 50], [44, 180], [289, 118], [144, 187]] ranked=None
[t+ 23.76s] [solve] {"pic": "pic_12.jpg", "solver": "v11", "solve_ms": 6939, "prompt": ["\u51c9", "\u745c", "\u8c46", "\u7c89"], "candidates": [{"\u51c9": 20}, {"\u745c": 8, "\u7897": 8, "\u904d": 2, "\u758f": 2}, {"\u8c46": 20}, {"\u7c89": 20}], "readings": ["\u51c9\u745c\u8c46\u7c89", "\u51c9\u745c\u8c46\u7c89", "\u51c9\u745c\u8c46\u7c89", "\u51c9\u745c\u8c46\u7c89", "\u51c9\u7897\u8c46\u7c89", "\u51c9\u7897\u8c46\u7c89", "\u51c9\u7897\u8c46\u7c89", "\u51c9\u7897\u8c46\u7c89"], "n": 4, "points": [[83, 50], [44, 180], [289, 118], [144, 187]], "field_boxes": [[48, 16, 70, 69], [257, 85, 65, 66], [12, 148, 65, 64], [111, 155, 66, 64], [178, 193, 65, 64]], "matches": [{"prompt_index": 0, "prompt_char": "\u51c9", "best_char": "\u51c9", "field_index": 0, "score": 20.0, "fallback": false, "x": 83, "y": 50}, {"prompt_index": 1, "prompt_char": "\u745c", "best_char": "\u745c", "field_index": 2, "score": 0.0, "fallback": true, "x": 44, "y": 180}, {"prompt_index": 2, "prompt_char": "\u8c46", "best_char": "\u8c46", "field_index": 1, "score": 0.0, "fallback": true, "x": 289, "y": 118}, {"prompt_index": 3, "prompt_char": "\u7c89", "best_char": "\u7c89", "field_index": 3, "score": 20.0, "fallback": false, "x": 144, "y": 187}], "size": [344, 384]}
[t+ 23.76s] [answer] pct=2413_1453,1279_5233,8401_3430,4186_5436 (img 344x384, click square=344)
[t+ 23.78s] [helper:call-widget] {"type": "call-widget", "name": "$_BJJQ", "points": "2413_1453,1279_5233,8401_3430,4186_5436", "format": "str", "result": "sync:undefined|answer=\"2413_1453,1279_5233,8401_3430,4186_5436\"|passtime=3200|PLAIN={\"lang\":\"zh-cn\",\"passtime\":3200,\"a\":\"2413_1453,1279_5233,8401_3430,4186_5436\",\"pic\":\"/captcha_v3/batch/v3/154135/2026-09-22T14/word/7b04699b90684110996d781222da11da.jpg\",\"tt\":\"FkM(*((lT1((M((\",\"ep\":{\"ca\":[],\"v\":\"3.1.2\",\"$_FG\":false,\"me\":false,\"tm\":-1},\"h9s9\":\"1816378497\",\"rp\":\"6cc7ad64560af23d5841d356abd90be4\"}"}
[t+ 24.99s] [helper:req 13] script https://api.geetest.com/ajax.php params=['callback', 'challenge', 'client_type', 'gt', 'lang', 'pt', 'w'] w_len=684
[t+ 25.55s] [http 14] 200      83B  https://api.geetest.com/ajax.php
[t+ 25.55s] [verdict] https://api.geetest.com/ajax.php -> {"status": "success", "data": {"result": "fail", "msg": []}}
[t+ 25.55s] [helper:after-response] {"type": "after-response", "id": 13, "after": "{\"core\":true,\"timers\":18,\"delays\":[0,400,400,1500,22990,22990,24990,25000,25000,25000,25000,27000,27510,29610,30000,30000,532990,539610],\"instKeys\":2}"}
[t+ 25.55s] [helper:req 14] script https://api.geetest.com/refresh.php params=['callback', 'challenge', 'gt', 'lang', 'type'] w_len=0
[t+ 26.11s] [http 15] 200     273B  https://api.geetest.com/refresh.php
[t+ 26.11s] [round data] {"status": null, "result": null, "num": 0, "pic_type": "word", "spec": "1*1", "sign": "", "type": null, "c": null, "gct": null}
[t+ 27.26s] [http 16] 200   59269B  IMAGE pic -> pic_14.jpg
[t+ 27.26s] [helper:after-response] {"type": "after-response", "id": 14, "after": "{\"core\":true,\"timers\":17,\"delays\":[0,20890,20890,22890,22900,22900,22900,22900,24900,25410,27510,27900,27900,30000,30000,530890,540000],\"instKeys\":2}"}
[t+ 34.38s] [solver] pic_14.jpg -> points=[[45, 183], [147, 212], [269, 152], [89, 98]] ranked=None
[t+ 34.38s] [solve] {"pic": "pic_14.jpg", "solver": "v11", "solve_ms": 7106, "prompt": ["\u5b9c", "\u5bbe", "\u71c3", "\u9762"], "candidates": [{"\u5b9c": 20}, {"\u5bbe": 20}, {"\u701a": 8, "\u71c3": 12}, {"\u9762": 18, "\u753b": 2}], "readings": ["\u5b9c\u5bbe\u701a\u9762", "\u5b9c\u5bbe\u701a\u9762", "\u5b9c\u5bbe\u701a\u9762", "\u5b9c\u5bbe\u701a\u9762", "\u5b9c\u5bbe\u71c3\u9762", "\u5b9c\u5bbe\u71c3\u9762", "\u5b9c\u5bbe\u71c3\u9762", "\u5b9c\u5bbe\u71c3\u9762"], "n": 4, "points": [[45, 183], [147, 212], [269, 152], [89, 98]], "field_boxes": [[120, 0, 72, 67], [54, 63, 70, 70], [234, 119, 70, 67], [10, 150, 70, 67], [112, 178, 70, 69]], "matches": [{"prompt_index": 0, "prompt_char": "\u5b9c", "best_char": "\u5b9c", "field_index": 3, "score": 20.0, "fallback": false, "x": 45, "y": 183}, {"prompt_index": 1, "prompt_char": "\u5bbe", "best_char": "\u5bbe", "field_index": 4, "score": 20.0, "fallback": false, "x": 147, "y": 212}, {"prompt_index": 2, "prompt_char": "\u71c3", "best_char": "\u71c3", "field_index": 2, "score": 17.0, "fallback": false, "x": 269, "y": 152}, {"prompt_index": 3, "prompt_char": "\u9762", "best_char": "\u9762", "field_index": 1, "score": 20.0, "fallback": false, "x": 89, "y": 98}], "size": [344, 384]}
[t+ 34.38s] [answer] pct=1308_5320,4273_6163,7820_4419,2587_2849 (img 344x384, click square=344)
[t+ 34.40s] [helper:call-widget] {"type": "call-widget", "name": "$_BJJQ", "points": "1308_5320,4273_6163,7820_4419,2587_2849", "format": "str", "result": "sync:undefined|answer=\"1308_5320,4273_6163,7820_4419,2587_2849\"|passtime=3200|PLAIN={\"lang\":\"zh-cn\",\"passtime\":3200,\"a\":\"1308_5320,4273_6163,7820_4419,2587_2849\",\"pic\":\"/captcha_v3/batch/v3/154135/2026-09-22T14/word/9addc8726f754c4b89d1049cf98c8d20.jpg\",\"tt\":\"FkM(*((lT1((M((\",\"ep\":{\"ca\":[],\"v\":\"3.1.2\",\"$_FG\":false,\"me\":false,\"tm\":-1},\"h9s9\":\"1816378497\",\"rp\":\"6cc7ad64560af23d5841d356abd90be4\"}"}
[t+ 35.61s] [helper:req 15] script https://api.geetest.com/ajax.php params=['callback', 'challenge', 'client_type', 'gt', 'lang', 'pt', 'w'] w_len=684
[t+ 36.16s] [http 17] 200     149B  https://api.geetest.com/ajax.php
[t+ 36.16s] [verdict] https://api.geetest.com/ajax.php -> {"status": "success", "data": {"result": "success", "validate": "6e5fe362d25d3142e8a80eb302fd9650", "score": "14", "msg": []}}
[t+ 36.16s] === SUCCESS validate=6e5fe362d25d3142e8a80eb302fd9650 score=14 ===
[t+ 36.17s] === w values captured ===
[t+ 36.17s]   id=3 key=w path=https://api.geetest.com/get.php len=1452 head=Y9V3q)2SvVKWZ6ovBlB5CqfDmgYMEfxlFYcd1SNX
[t+ 36.17s]   id=5 key=w path=https://api.geetest.com/ajax.php len=704 head=Lo3SJ(pYH)DW0xopgo7ZSzrfN)BzkwJisYDU0Q3U
[t+ 36.17s]   id=11 key=w path=https://api.geetest.com/ajax.php len=684 head=tkF3haQVN)7f)GYn)zISlhtWlh7IMi59MtK(wogE
[t+ 36.17s]   id=13 key=w path=https://api.geetest.com/ajax.php len=684 head=tkF3haQVN)7f)GYn)zISlhtWlh7IMi59MtK(wogE
[t+ 36.17s]   id=15 key=w path=https://api.geetest.com/ajax.php len=684 head=tkF3haQVN)7f)GYn)zISlhtWlh7IMi59MtK(wogE
[t+ 36.17s] === http used: 17 ===
